
> @figma/my-make-file@0.0.1 build
> vite build

vite v6.3.5 building for production...
transforming...
✓ 32 modules transformed.
✗ Build failed in 248ms
error during build:
[vite]: Rollup failed to resolve import "figma:asset/9361df9e8159cfe8be5981faf77b95ebd4f62280.png" from "/Users/thomasmynott/Documents/CiP Website/src/app/pages/Home.tsx".
This is most likely unintended because it can break your application at runtime.
If you do want to externalize this module explicitly add it to
`build.rollupOptions.external`
    at viteLog (file:///Users/thomasmynott/Documents/CiP%20Website/node_modules/vite/dist/node/chunks/dep-DBxKXgDP.js:46345:15)
    at file:///Users/thomasmynott/Documents/CiP%20Website/node_modules/vite/dist/node/chunks/dep-DBxKXgDP.js:46403:18
    at onwarn (file:///Users/thomasmynott/Documents/CiP%20Website/node_modules/@vitejs/plugin-react/dist/index.js:90:7)
    at file:///Users/thomasmynott/Documents/CiP%20Website/node_modules/vite/dist/node/chunks/dep-DBxKXgDP.js:46401:7
    at onRollupLog (file:///Users/thomasmynott/Documents/CiP%20Website/node_modules/vite/dist/node/chunks/dep-DBxKXgDP.js:46393:5)
    at onLog (file:///Users/thomasmynott/Documents/CiP%20Website/node_modules/vite/dist/node/chunks/dep-DBxKXgDP.js:46043:7)
    at file:///Users/thomasmynott/Documents/CiP%20Website/node_modules/rollup/dist/es/shared/node-entry.js:20958:32
    at Object.logger [as onLog] (file:///Users/thomasmynott/Documents/CiP%20Website/node_modules/rollup/dist/es/shared/node-entry.js:22945:9)
    at ModuleLoader.handleInvalidResolvedId (file:///Users/thomasmynott/Documents/CiP%20Website/node_modules/rollup/dist/es/shared/node-entry.js:21689:26)
    at file:///Users/thomasmynott/Documents/CiP%20Website/node_modules/rollup/dist/es/shared/node-entry.js:21647:26
